// Jest Snapshot v1, https://goo.gl/fbAQLP

exports[`Loading component test suite Should render correctly 1`] = `
<styled.div
  className="App"
>
  <BrowserRouter>
    <Suspense
      fallback={
        <Loading>
          Carregando...
        </Loading>
      }
    >
      <Switch>
        <Route
          component={
            Object {
              "$$typeof": Symbol(react.lazy),
              "_init": [Function],
              "_payload": Object {
                "_result": [Function],
                "_status": -1,
              },
            }
          }
          exact={true}
          key="/"
          path="/"
        />
        <Route
          component={[Function]}
        />
      </Switch>
    </Suspense>
  </BrowserRouter>
</styled.div>
`;
